Archive member included because of file (symbol)

C:/Freescale/CW MCU v10.6/MCU/ARM_GCC_Support/ewl/lib/armv6-m\libc.a(sprintf.o)
                              ./Sources/api_lcd.o (sprintf)
C:/Freescale/CW MCU v10.6/MCU/ARM_GCC_Support/ewl/lib/armv6-m\libc.a(vsnprintf.o)
                              C:/Freescale/CW MCU v10.6/MCU/ARM_GCC_Support/ewl/lib/armv6-m\libc.a(sprintf.o) (vsnprintf)
C:/Freescale/CW MCU v10.6/MCU/ARM_GCC_Support/ewl/lib/armv6-m\libc.a(atoi.o)
                              ./Sources/hal_UART.o (atoi)
C:/Freescale/CW MCU v10.6/MCU/ARM_GCC_Support/ewl/lib/armv6-m\libc.a(exit.o)
                              ./Project_Settings/Startup_Code/__arm_start.o (exit)
C:/Freescale/CW MCU v10.6/MCU/ARM_GCC_Support/ewl/lib/armv6-m\libc.a(memcpy.o)
                              C:/Freescale/CW MCU v10.6/MCU/ARM_GCC_Support/ewl/lib/armv6-m\libc.a(vsnprintf.o) (memcpy)
C:/Freescale/CW MCU v10.6/MCU/ARM_GCC_Support/ewl/lib/armv6-m\libc.a(memset.o)
                              ./Project_Settings/Startup_Code/__arm_start.o (memset)
C:/Freescale/CW MCU v10.6/MCU/ARM_GCC_Support/ewl/lib/armv6-m\libc.a(printformat_.o)
                              (__pformatter_)
C:/Freescale/CW MCU v10.6/MCU/ARM_GCC_Support/ewl/lib/armv6-m\libc.a(scanformat_.o)
                              (__sformatter)
C:/Freescale/CW MCU v10.6/MCU/ARM_GCC_Support/ewl/lib/armv6-m\libc.a(ctype_aeabi.o)
                              C:/Freescale/CW MCU v10.6/MCU/ARM_GCC_Support/ewl/lib/armv6-m\libc.a(scanformat_.o) (isspace)
C:/Freescale/CW MCU v10.6/MCU/ARM_GCC_Support/ewl/lib/armv6-m\libc.a(errno.o)
                              C:/Freescale/CW MCU v10.6/MCU/ARM_GCC_Support/ewl/lib/armv6-m\libc.a(atoi.o) (errno)
C:/Freescale/CW MCU v10.6/MCU/ARM_GCC_Support/ewl/lib/armv6-m\libc.a(vsscanf.o)
                              C:/Freescale/CW MCU v10.6/MCU/ARM_GCC_Support/ewl/lib/armv6-m\libc.a(atoi.o) (__StringRead)
C:/Freescale/CW MCU v10.6/MCU/ARM_GCC_Support/ewl/lib/armv6-m\libc.a(__strtoul.o)
                              C:/Freescale/CW MCU v10.6/MCU/ARM_GCC_Support/ewl/lib/armv6-m\libc.a(atoi.o) (__strtoul)
C:/Freescale/CW MCU v10.6/MCU/ARM_GCC_Support/ewl/lib/armv6-m\libc.a(__filll_mem.o)
                              C:/Freescale/CW MCU v10.6/MCU/ARM_GCC_Support/ewl/lib/armv6-m\libc.a(memset.o) (__fill_mem)
C:/Freescale/CW MCU v10.6/MCU/ARM_GCC_Support/ewl/lib/armv6-m\libc.a(memchr.o)
                              C:/Freescale/CW MCU v10.6/MCU/ARM_GCC_Support/ewl/lib/armv6-m\libc.a(printformat_.o) (memchr)
C:/Freescale/CW MCU v10.6/MCU/ARM_GCC_Support/ewl/lib/armv6-m\libc.a(strchr.o)
                              C:/Freescale/CW MCU v10.6/MCU/ARM_GCC_Support/ewl/lib/armv6-m\libc.a(printformat_.o) (strchr)
C:/Freescale/CW MCU v10.6/MCU/ARM_GCC_Support/ewl/lib/armv6-m\libc.a(strlen.o)
                              C:/Freescale/CW MCU v10.6/MCU/ARM_GCC_Support/ewl/lib/armv6-m\libc.a(printformat_.o) (strlen)
c:/freescale/cw mcu v10.6/cross_tools/arm-none-eabi-gcc-4_7_3/bin/../lib/gcc/arm-none-eabi/4.7.3/armv6-m\libgcc.a(_thumb1_case_sqi.o)
                              C:/Freescale/CW MCU v10.6/MCU/ARM_GCC_Support/ewl/lib/armv6-m\libc.a(__strtoul.o) (__gnu_thumb1_case_sqi)
c:/freescale/cw mcu v10.6/cross_tools/arm-none-eabi-gcc-4_7_3/bin/../lib/gcc/arm-none-eabi/4.7.3/armv6-m\libgcc.a(_thumb1_case_uqi.o)
                              C:/Freescale/CW MCU v10.6/MCU/ARM_GCC_Support/ewl/lib/armv6-m\libc.a(scanformat_.o) (__gnu_thumb1_case_uqi)
c:/freescale/cw mcu v10.6/cross_tools/arm-none-eabi-gcc-4_7_3/bin/../lib/gcc/arm-none-eabi/4.7.3/armv6-m\libgcc.a(_udivsi3.o)
                              ./Sources/mcg.o (__aeabi_uidiv)
c:/freescale/cw mcu v10.6/cross_tools/arm-none-eabi-gcc-4_7_3/bin/../lib/gcc/arm-none-eabi/4.7.3/armv6-m\libgcc.a(_divsi3.o)
                              ./Sources/mcg.o (__aeabi_idiv)
c:/freescale/cw mcu v10.6/cross_tools/arm-none-eabi-gcc-4_7_3/bin/../lib/gcc/arm-none-eabi/4.7.3/armv6-m\libgcc.a(_dvmd_tls.o)
                              c:/freescale/cw mcu v10.6/cross_tools/arm-none-eabi-gcc-4_7_3/bin/../lib/gcc/arm-none-eabi/4.7.3/armv6-m\libgcc.a(_udivsi3.o) (__aeabi_idiv0)
c:/freescale/cw mcu v10.6/cross_tools/arm-none-eabi-gcc-4_7_3/bin/../lib/gcc/arm-none-eabi/4.7.3/armv6-m\libgcc.a(_fixunssfsi.o)
                              ./Sources/mcg.o (__aeabi_f2uiz)
c:/freescale/cw mcu v10.6/cross_tools/arm-none-eabi-gcc-4_7_3/bin/../lib/gcc/arm-none-eabi/4.7.3/armv6-m\libgcc.a(divsf3.o)
                              ./Sources/mcg.o (__aeabi_fdiv)
c:/freescale/cw mcu v10.6/cross_tools/arm-none-eabi-gcc-4_7_3/bin/../lib/gcc/arm-none-eabi/4.7.3/armv6-m\libgcc.a(mulsf3.o)
                              ./Sources/mcg.o (__aeabi_fmul)
c:/freescale/cw mcu v10.6/cross_tools/arm-none-eabi-gcc-4_7_3/bin/../lib/gcc/arm-none-eabi/4.7.3/armv6-m\libgcc.a(subsf3.o)
[...]
Memory Configuration

Name             Origin             Length             Attributes
m_interrupts     0x00000000         0x000000c0         xr
m_cfmprotrom     0x00000400         0x00000010         xr
m_text           0x00000800         0x0001f800         xr
m_data           0x1ffff000         0x00004000         xrw
*default*        0x00000000         0xffffffff

Linker script and memory map

LOAD ./Project_Settings/Startup_Code/kinetis_sysinit.o
LOAD ./Project_Settings/Startup_Code/__arm_start.o
LOAD ./Project_Settings/Startup_Code/__arm_end.o
LOAD ./Sources/sa_mtb.o
LOAD ./Sources/mcg.o
LOAD ./Sources/main.o
LOAD ./Sources/hal_timers.o
LOAD ./Sources/hal_UART.o
LOAD ./Sources/hal_PB_SW_LED_RGB.o
LOAD ./Sources/hal_LCD.o
LOAD ./Sources/hal_ADC_DAC.o
LOAD ./Sources/bsp_gpio.o
LOAD ./Sources/bsp_connection_map.o
LOAD ./Sources/arm_cm0.o
LOAD ./Sources/app_FSM_handler.o
LOAD ./Sources/api_lcd.o
LOAD ./Sources/api_general_macros.o
LOAD ./Sources/api.o
LOAD ./Sources/BoardSupport.o
                0x00003888                __pformatter = __pformatter_
                [0x00003cb0]                __sformatter = __sformatter
START GROUP
LOAD C:/Freescale/CW MCU v10.6/MCU/ARM_GCC_Support/ewl/lib/armv6-m\libc.a
LOAD C:/Freescale/CW MCU v10.6/MCU/ARM_GCC_Support/ewl/lib/armv6-m\libm.a
LOAD c:/freescale/cw mcu v10.6/cross_tools/arm-none-eabi-gcc-4_7_3/bin/../lib/gcc/arm-none-eabi/4.7.3/armv6-m\libgcc.a
LOAD C:/Freescale/CW MCU v10.6/MCU/ARM_GCC_Support/ewl/lib/armv6-m\librt.a
LOAD C:/Freescale/CW MCU v10.6/MCU/ARM_GCC_Support/ewl/lib/armv6-m\libuart.a
END GROUP
                0x20003000                _estack = 0x20003000
                0x20003000                __SP_INIT = _estack
                0x00000400                __heap_size = 0x400
                0x00000400                __stack_size = 0x400

.interrupts     0x00000000       0xc0
                0x00000000                __vector_table = .
                0x00000000                . = ALIGN (0x4)
 *(.vectortable)
 .vectortable   0x00000000       0xc0 ./Project_Settings/Startup_Code/kinetis_sysinit.o
                0x00000000                InterruptVector
                0x000000c0                . = ALIGN (0x4)

.cfmprotect     0x00000400        0x0
                0x00000400                . = ALIGN (0x4)
 *(.cfmconfig)
                0x00000400                . = ALIGN (0x4)

.text           0x00000800     0x41a4
                0x00000800                . = ALIGN (0x4)
 *(.text)
 .text          0x00000800       0x14 c:/freescale/cw mcu v10.6/cross_tools/arm-none-eabi-gcc-4_7_3/bin/../lib/gcc/arm-none-eabi/4.7.3/armv6-m\libgcc.a(_thumb1_case_sqi.o)
                0x00000800                __gnu_thumb1_case_sqi
 .text          0x00000814       0x14 c:/freescale/cw mcu v10.6/cross_tools/arm-none-eabi-gcc-4_7_3/bin/../lib/gcc/arm-none-eabi/4.7.3/armv6-m\libgcc.a(_thumb1_case_uqi.o)
                0x00000814                __gnu_thumb1_case_uqi
 .text          0x00000828       0x9c c:/freescale/cw mcu v10.6/cross_tools/arm-none-eabi-gcc-4_7_3/bin/../lib/gcc/arm-none-eabi/4.7.3/armv6-m\libgcc.a(_udivsi3.o)
                0x00000828                __aeabi_uidiv
                0x00000828                __udivsi3
                0x000008b0                __aeabi_uidivmod
 .text          0x000008c4       0xc0 c:/freescale/cw mcu v10.6/cross_tools/arm-none-eabi-gcc-4_7_3/bin/../lib/gcc/arm-none-eabi/4.7.3/armv6-m\libgcc.a(_divsi3.o)
                0x000008c4                __divsi3
                0x000008c4                __aeabi_idiv
                0x00000970                __aeabi_idivmod
 .text          0x00000984        0x4 c:/freescale/cw mcu v10.6/cross_tools/arm-none-eabi-gcc-4_7_3/bin/../lib/gcc/arm-none-eabi/4.7.3/armv6-m\libgcc.a(_dvmd_tls.o)
                0x00000984                __aeabi_idiv0
                0x00000984                __aeabi_ldiv0
 .text          0x00000988      0x260 c:/freescale/cw mcu v10.6/cross_tools/arm-none-eabi-gcc-4_7_3/bin/../lib/gcc/arm-none-eabi/4.7.3/armv6-m\libgcc.a(mulsf3.o)
                0x00000988                __aeabi_fmul
 .text          0x00000be8       0x40 c:/freescale/cw mcu v10.6/cross_tools/arm-none-eabi-gcc-4_7_3/bin/../lib/gcc/arm-none-eabi/4.7.3/armv6-m\libgcc.a(fixsfsi.o)
                0x00000be8                __aeabi_f2iz
 .text          0x00000c28      0x5b8 c:/freescale/cw mcu v10.6/cross_tools/arm-none-eabi-gcc-4_7_3/bin/../lib/gcc/arm-none-eabi/4.7.3/armv6-m\libgcc.a(divdf3.o)
                0x00000c28                __aeabi_ddiv
 .text          0x000011e0      0x4e4 c:/freescale/cw mcu v10.6/cross_tools/arm-none-eabi-gcc-4_7_3/bin/../lib/gcc/arm-none-eabi/4.7.3/armv6-m\libgcc.a(muldf3.o)
                0x000011e0                __aeabi_dmul
 .text          0x000016c4       0x74 c:/freescale/cw mcu v10.6/cross_tools/arm-none-eabi-gcc-4_7_3/bin/../lib/gcc/arm-none-eabi/4.7.3/armv6-m\libgcc.a(floatsidf.o)
                0x000016c4                __aeabi_i2d
 .text          0x00001738      0x134 c:/freescale/cw mcu v10.6/cross_tools/arm-none-eabi-gcc-4_7_3/bin/../lib/gcc/arm-none-eabi/4.7.3/armv6-m\libgcc.a(truncdfsf2.o)
                0x00001738                __aeabi_d2f
 .text          0x0000186c       0x3c c:/freescale/cw mcu v10.6/cross_tools/arm-none-eabi-gcc-4_7_3/bin/../lib/gcc/arm-none-eabi/4.7.3/armv6-m\libgcc.a(_clzsi2.o)
                0x0000186c                __clzsi2
 *(.text*)
 .text.Default_Handler
                0x000018a8        0xc ./Project_Settings/Startup_Code/kinetis_sysinit.o
                0x000018a8                RTC_Alarm_IRQHandler
                0x000018a8                I2C0_IRQHandler
                0x000018a8                HardFault_Handler
                0x000018a8                SysTick_Handler
                0x000018a8                PendSV_Handler
                0x000018a8                NMI_Handler
                0x000018a8                I2C1_IRQHandler
                0x000018a8                UART1_IRQHandler
                0x000018a8                DMA2_IRQHandler
                0x000018a8                TSI0_IRQHandler
                0x000018a8                SPI1_IRQHandler
                0x000018a8                LPTimer_IRQHandler
                0x000018a8                FTM1_IRQHandler
                0x000018a8                RTC_Seconds_IRQHandler
                0x000018a8                MCG_IRQHandler
                0x000018a8                UART2_IRQHandler
                0x000018a8                Default_Handler
                0x000018a8                LLW_IRQHandler
                0x000018a8                SVC_Handler
                0x000018a8                USBOTG_IRQHandler
                0x000018a8                DMA3_IRQHandler
                0x000018a8                DMA0_IRQHandler
                0x000018a8                DAC0_IRQHandler
                0x000018a8                PMC_IRQHandler
                0x000018a8                SPI0_IRQHandler
                0x000018a8                FTM0_IRQHandler
                0x000018a8                PORTA_IRQHandler
                0x000018a8                MCM_IRQHandler
                0x000018a8                FTFL_IRQHandler
                0x000018a8                FTM2_IRQHandler
                0x000018a8                CMP0_IRQHandler
                0x000018a8                DMA1_IRQHandler
 .text.__init_hardware
                0x000018b4       0x2c ./Project_Settings/Startup_Code/kinetis_sysinit.o
                0x000018b4                __init_hardware
 .text.zero_fill_bss
                0x000018e0       0x24 ./Project_Settings/Startup_Code/__arm_start.o
 .text.__thumb_startup
                0x00001904       0x30 ./Project_Settings/Startup_Code/__arm_start.o
                0x00001904                __thumb_startup
 .text._ExitProcess
                0x00001934        0xc ./Project_Settings/Startup_Code/__arm_end.o
                0x00001934                _ExitProcess
 .text.pll_init
                0x00001940      0x548 ./Sources/mcg.o
                0x00001940                pll_init
 .text.main     0x00001e88       0x14 ./Sources/main.o
                0x00001e88                main
 .text.PIT_IRQHandler
                0x00001e9c       0x58 ./Sources/hal_timers.o
                0x00001e9c                PIT_IRQHandler
 .text.ClockSetup
                0x00001ef4       0x7c ./Sources/hal_timers.o
                0x00001ef4                ClockSetup
 .text.InitPIT  0x00001f70       0x64 ./Sources/hal_timers.o
                0x00001f70                InitPIT
 .text.updatePIT
                0x00001fd4       0x24 ./Sources/hal_timers.o
                0x00001fd4                updatePIT
 .text.startPitCount
                0x00001ff8       0x18 ./Sources/hal_timers.o
                0x00001ff8                startPitCount
 .text.stopPitCount
                0x00002010       0x18 ./Sources/hal_timers.o
                0x00002010                stopPitCount
 .text.UART0_IRQHandler
                0x00002028      0x164 ./Sources/hal_UART.o
                0x00002028                UART0_IRQHandler
 .text.printLater
                0x0000218c       0x5c ./Sources/hal_UART.o
                0x0000218c                printLater
 .text.UART_PrintMenu
                0x000021e8       0x14 ./Sources/hal_UART.o
                0x000021e8                UART_PrintMenu
 .text.UART_PrintLine
                0x000021fc       0x84 ./Sources/hal_UART.o
                0x000021fc                UART_PrintLine
 .text.InitUARTs
                0x00002280       0xc4 ./Sources/hal_UART.o
                0x00002280                InitUARTs
 .text.Uart0_Br_Sbr
                0x00002344      0x230 ./Sources/hal_UART.o
                0x00002344                Uart0_Br_Sbr
 .text.initPushButton
                0x00002574       0x7c ./Sources/hal_PB_SW_LED_RGB.o
                0x00002574                initPushButton
 .text.initRGBLed
                0x000025f0       0x48 ./Sources/hal_PB_SW_LED_RGB.o
                0x000025f0                initRGBLed
 .text.toggleRGB
                0x00002638       0xa8 ./Sources/hal_PB_SW_LED_RGB.o
                0x00002638                toggleRGB
 .text.PORTD_IRQHandler
                0x000026e0       0x60 ./Sources/hal_PB_SW_LED_RGB.o
                0x000026e0                PORTD_IRQHandler
 .text.lcd_putchar
                0x00002740       0x70 ./Sources/hal_LCD.o
                0x00002740                lcd_putchar
 .text.initLCD  0x000027b0       0x70 ./Sources/hal_LCD.o
                0x000027b0                initLCD
 .text.initLCD_pins
                0x00002820       0x48 ./Sources/hal_LCD.o
                0x00002820                initLCD_pins
 .text.lcd_strobe
                0x00002868       0x28 ./Sources/hal_LCD.o
                0x00002868                lcd_strobe
 .text.lcd_SetOutPut4bit
                0x00002890       0x34 ./Sources/hal_LCD.o
                0x00002890                lcd_SetOutPut4bit
 .text.lcd_cmd  0x000028c4       0x38 ./Sources/hal_LCD.o
                0x000028c4                lcd_cmd
 .text.enableADC
                0x000028fc       0x14 ./Sources/hal_ADC_DAC.o
                0x000028fc                enableADC
 .text.disableADC
                0x00002910       0x14 ./Sources/hal_ADC_DAC.o
                0x00002910                disableADC
 *fill*         0x00002924        0x4 00
 .text.ADC0_IRQHandler
                0x00002928       0xe0 ./Sources/hal_ADC_DAC.o
                0x00002928                ADC0_IRQHandler
 .text.ADC_Calibration
                0x00002a08      0x1b4 ./Sources/hal_ADC_DAC.o
                0x00002a08                ADC_Calibration
 .text.ADC_Config_Alt
                0x00002bbc       0x60 ./Sources/hal_ADC_DAC.o
                0x00002bbc                ADC_Config_Alt
 .text.InitADC0
                0x00002c1c       0x90 ./Sources/hal_ADC_DAC.o
                0x00002c1c                InitADC0
 .text.InitADCs
                0x00002cac       0x44 ./Sources/hal_ADC_DAC.o
                0x00002cac                InitADCs
 .text.setDirection
                0x00002cf0       0x7c ./Sources/bsp_gpio.o
                0x00002cf0                setDirection
 .text.setOutputData
                0x00002d6c       0x7c ./Sources/bsp_gpio.o
                0x00002d6c                setOutputData
 .text.clearIRQFlag
                0x00002de8       0x44 ./Sources/bsp_gpio.o
                0x00002de8                clearIRQFlag
 .text.getIRQFlag
                0x00002e2c       0x4c ./Sources/bsp_gpio.o
                0x00002e2c                getIRQFlag
 .text.setPortRole
                0x00002e78       0x54 ./Sources/bsp_gpio.o
                0x00002e78                setPortRole
 .text.setIRQType
                0x00002ecc       0x54 ./Sources/bsp_gpio.o
                0x00002ecc                setIRQType
 .text.setHighDriveStrength
                0x00002f20       0x40 ./Sources/bsp_gpio.o
                0x00002f20                setHighDriveStrength
 .text.setSlowSlewRate
                0x00002f60       0x40 ./Sources/bsp_gpio.o
                0x00002f60                setSlowSlewRate
 .text.setPullEnable
                0x00002fa0       0x40 ./Sources/bsp_gpio.o
                0x00002fa0                setPullEnable
 .text.setPullSelect
                0x00002fe0       0x40 ./Sources/bsp_gpio.o
                0x00002fe0                setPullSelect
 .text.setPassiveFilter
                0x00003020       0x40 ./Sources/bsp_gpio.o
                0x00003020                setPassiveFilter
 .text.InitInput
                0x00003060       0x3c ./Sources/bsp_gpio.o
                0x00003060                InitInput
 .text.initOutput
                0x0000309c       0x40 ./Sources/bsp_gpio.o
                0x0000309c                initOutput
 .text.wait     0x000030dc       0x28 ./Sources/arm_cm0.o
                0x000030dc                wait
 .text.enable_irq
                0x00003104       0x70 ./Sources/arm_cm0.o
                0x00003104                enable_irq
 .text.disable_irq
                0x00003174       0x44 ./Sources/arm_cm0.o
                0x00003174                disable_irq
 .text.set_irq_priority
                0x000031b8       0x74 ./Sources/arm_cm0.o
                0x000031b8                set_irq_priority
 .text.getX     0x0000322c       0x14 ./Sources/app_FSM_handler.o
                0x0000322c                getX
 .text.setX     0x00003240       0x24 ./Sources/app_FSM_handler.o
                0x00003240                setX
 .text.getUpCountAndInc
                0x00003264       0x1c ./Sources/app_FSM_handler.o
                0x00003264                getUpCountAndInc
 .text.getDownCountAndDecr
                0x00003280       0x1c ./Sources/app_FSM_handler.o
                0x00003280                getDownCountAndDecr
 .text.resetUpCount
                0x0000329c       0x14 ./Sources/app_FSM_handler.o
                0x0000329c                resetUpCount
 .text.resetDownCount
                0x000032b0       0x18 ./Sources/app_FSM_handler.o
                0x000032b0                resetDownCount
 .text.handleStateChangeIfNeeded
                0x000032c8       0x3c ./Sources/app_FSM_handler.o
                0x000032c8                handleStateChangeIfNeeded
 .text.setNewState
                0x00003304       0x2c ./Sources/app_FSM_handler.o
                0x00003304                setNewState
 .text.getState
                0x00003330       0x14 ./Sources/app_FSM_handler.o
                0x00003330                getState
 .text.enterState
                0x00003344       0x54 ./Sources/app_FSM_handler.o
                0x00003344                enterState
 .text.exitState
                0x00003398       0x48 ./Sources/app_FSM_handler.o
                0x00003398                exitState
 .text.lcd_printInt
                0x000033e0       0x30 ./Sources/api_lcd.o
                0x000033e0                lcd_printInt
 .text.lcd_printNewLn
                0x00003410       0x30 ./Sources/api_lcd.o
                0x00003410                lcd_printNewLn
 .text.lcd_puts
                0x00003440       0x28 ./Sources/api_lcd.o
                0x00003440                lcd_puts
 .text.convert12BitToChar
                0x00003468       0x90 ./Sources/api_general_macros.o
                0x00003468                convert12BitToChar
 .text.DelayUs  0x000034f8       0x24 ./Sources/api_general_macros.o
                0x000034f8                DelayUs
 .text.DelayMs  0x0000351c       0x2c ./Sources/api_general_macros.o
                0x0000351c                DelayMs
 .text.inits    0x00003548       0x34 ./Sources/api.o
                0x00003548                inits
 .text.InitGPIO
                0x0000357c       0x24 ./Sources/BoardSupport.o
                0x0000357c                InitGPIO
 .text.sprintf  0x000035a0       0x1a C:/Freescale/CW MCU v10.6/MCU/ARM_GCC_Support/ewl/lib/armv6-m\libc.a(sprintf.o)
                0x000035a0                sprintf
 .text.__StringWrite
                0x000035ba       0x26 C:/Freescale/CW MCU v10.6/MCU/ARM_GCC_Support/ewl/lib/armv6-m\libc.a(vsnprintf.o)
                0x000035ba                __StringWrite
 .text.vsnprintf
                0x000035e0       0x38 C:/Freescale/CW MCU v10.6/MCU/ARM_GCC_Support/ewl/lib/armv6-m\libc.a(vsnprintf.o)
                0x000035e0                vsnprintf
 .text.strtol   0x00003618       0x70 C:/Freescale/CW MCU v10.6/MCU/ARM_GCC_Support/ewl/lib/armv6-m\libc.a(atoi.o)
                0x00003618                strtol
 .text.atoi     0x00003688        0xc C:/Freescale/CW MCU v10.6/MCU/ARM_GCC_Support/ewl/lib/armv6-m\libc.a(atoi.o)
                0x00003688                atoi
 .text.exit     0x00003694       0x38 C:/Freescale/CW MCU v10.6/MCU/ARM_GCC_Support/ewl/lib/armv6-m\libc.a(exit.o)
                0x00003694                exit
 .text.memcpy   0x000036cc       0x12 C:/Freescale/CW MCU v10.6/MCU/ARM_GCC_Support/ewl/lib/armv6-m\libc.a(memcpy.o)
                0x000036cc                memcpy
 .text.memset   0x000036de        0xc C:/Freescale/CW MCU v10.6/MCU/ARM_GCC_Support/ewl/lib/armv6-m\libc.a(memset.o)
                0x000036de                memset
 *fill*         0x000036ea        0x2 00
 .text.long2str.isra.0
                0x000036ec      0x19c C:/Freescale/CW MCU v10.6/MCU/ARM_GCC_Support/ewl/lib/armv6-m\libc.a(printformat_.o)
 .text.__pformatter_
                0x00003888      0x428 C:/Freescale/CW MCU v10.6/MCU/ARM_GCC_Support/ewl/lib/armv6-m\libc.a(printformat_.o)
                0x00003888                __pformatter_
 .text.__sformatter
                0x00003cb0      0x698 C:/Freescale/CW MCU v10.6/MCU/ARM_GCC_Support/ewl/lib/armv6-m\libc.a(scanformat_.o)
                0x00003cb0                __sformatter
 .text.isalpha  0x00004348       0x20 C:/Freescale/CW MCU v10.6/MCU/ARM_GCC_Support/ewl/lib/armv6-m\libc.a(ctype_aeabi.o)
                0x00004348                isalpha
 .text.isspace  0x00004368       0x20 C:/Freescale/CW MCU v10.6/MCU/ARM_GCC_Support/ewl/lib/armv6-m\libc.a(ctype_aeabi.o)
                0x00004368                isspace
 .text.toupper  0x00004388        0xe C:/Freescale/CW MCU v10.6/MCU/ARM_GCC_Support/ewl/lib/armv6-m\libc.a(ctype_aeabi.o)
                0x00004388                toupper
 .text.__StringRead
                0x00004396       0x3c C:/Freescale/CW MCU v10.6/MCU/ARM_GCC_Support/ewl/lib/armv6-m\libc.a(vsscanf.o)
                0x00004396                __StringRead
 .text.__strtoul
                0x000043d2      0x1ce C:/Freescale/CW MCU v10.6/MCU/ARM_GCC_Support/ewl/lib/armv6-m\libc.a(__strtoul.o)
                0x000043d2                __strtoul
 .text.__fill_mem
                0x000045a0       0x7e C:/Freescale/CW MCU v10.6/MCU/ARM_GCC_Support/ewl/lib/armv6-m\libc.a(__filll_mem.o)
                0x000045a0                __fill_mem
 .text.memchr   0x0000461e       0x1a C:/Freescale/CW MCU v10.6/MCU/ARM_GCC_Support/ewl/lib/armv6-m\libc.a(memchr.o)
                0x0000461e                memchr
 .text.strchr   0x00004638       0x1e C:/Freescale/CW MCU v10.6/MCU/ARM_GCC_Support/ewl/lib/armv6-m\libc.a(strchr.o)
                0x00004638                strchr
 .text.strlen   0x00004656       0x10 C:/Freescale/CW MCU v10.6/MCU/ARM_GCC_Support/ewl/lib/armv6-m\libc.a(strlen.o)
                0x00004656                strlen
 *fill*         0x00004666        0x2 00
 .text.__init_cpp
                0x00004668       0x48 C:/Freescale/CW MCU v10.6/MCU/ARM_GCC_Support/ewl/lib/armv6-m\librt.a(gcc_ctor_dtor.o)
                0x00004668                __init_cpp
 .text.__fini_cpp
                0x000046b0       0x34 C:/Freescale/CW MCU v10.6/MCU/ARM_GCC_Support/ewl/lib/armv6-m\librt.a(gcc_ctor_dtor.o)
                0x000046b0                __fini_cpp
 .text.__copy_rom_section
                0x000046e4       0x48 C:/Freescale/CW MCU v10.6/MCU/ARM_GCC_Support/ewl/lib/armv6-m\librt.a(ROMCopy.o)
                0x000046e4                __copy_rom_section
 .text.__copy_rom_sections_to_ram
                0x0000472c       0x34 C:/Freescale/CW MCU v10.6/MCU/ARM_GCC_Support/ewl/lib/armv6-m\librt.a(ROMCopy.o)
                0x0000472c                __copy_rom_sections_to_ram
 .text.__destroy_global_chain
                0x00004760       0x1c C:/Freescale/CW MCU v10.6/MCU/ARM_GCC_Support/ewl/lib/armv6-m\librt.a(__arm_eabi_init.o)
                0x00004760                __destroy_global_chain
 .text.__init_registers
                0x0000477c       0x1c C:/Freescale/CW MCU v10.6/MCU/ARM_GCC_Support/ewl/lib/armv6-m\librt.a(__arm_eabi_init.o)
                0x0000477c                __init_registers
 .text.__init_user
                0x00004798        0x4 C:/Freescale/CW MCU v10.6/MCU/ARM_GCC_Support/ewl/lib/armv6-m\librt.a(__arm_eabi_init.o)
                0x00004798                __init_user
 *(.rodata)
 .rodata        0x0000479c        0x4 ./Sources/api_lcd.o
 .rodata        0x000047a0       0x14 ./Sources/api_general_macros.o
 .rodata        0x000047b4       0x40 c:/freescale/cw mcu v10.6/cross_tools/arm-none-eabi-gcc-4_7_3/bin/../lib/gcc/arm-none-eabi/4.7.3/armv6-m\libgcc.a(mulsf3.o)
 .rodata        0x000047f4       0x40 c:/freescale/cw mcu v10.6/cross_tools/arm-none-eabi-gcc-4_7_3/bin/../lib/gcc/arm-none-eabi/4.7.3/armv6-m\libgcc.a(divdf3.o)
 .rodata        0x00004834       0x40 c:/freescale/cw mcu v10.6/cross_tools/arm-none-eabi-gcc-4_7_3/bin/../lib/gcc/arm-none-eabi/4.7.3/armv6-m\libgcc.a(muldf3.o)
 *(.rodata*)
 .rodata.enterState
                0x00004874       0x24 ./Sources/app_FSM_handler.o
 .rodata.str1.1
                0x00004898        0x1 C:/Freescale/CW MCU v10.6/MCU/ARM_GCC_Support/ewl/lib/armv6-m\libc.a(printformat_.o)
 .rodata.CSWTCH.20
                0x00004899        0x5 C:/Freescale/CW MCU v10.6/MCU/ARM_GCC_Support/ewl/lib/armv6-m\libc.a(printformat_.o)
 .rodata.CSWTCH.21
                0x0000489e        0x5 C:/Freescale/CW MCU v10.6/MCU/ARM_GCC_Support/ewl/lib/armv6-m\libc.a(printformat_.o)
 .rodata.__aeabi_ctype_table_C
                0x000048a3      0x101 C:/Freescale/CW MCU v10.6/MCU/ARM_GCC_Support/ewl/lib/armv6-m\libc.a(ctype_aeabi.o)
                0x000048a3                __aeabi_ctype_table_C
 *(.glue_7)
 .glue_7        0x00000000        0x0 linker stubs
 *(.glue_7t)
 .glue_7t       0x00000000        0x0 linker stubs
 *(.eh_frame)
 *(.init)
 *(.fini)
                0x000049a4                . = ALIGN (0x4)
                0x000049a4                _etext = .

.vfp11_veneer   0x000049a4        0x0
 .vfp11_veneer  0x00000000        0x0 linker stubs

.v4_bx          0x000049a4        0x0
 .v4_bx         0x00000000        0x0 linker stubs

.iplt           0x000049a4        0x0
 .iplt          0x00000000        0x0 ./Project_Settings/Startup_Code/kinetis_sysinit.o

.rel.dyn        0x000049a4        0x0
 .rel.iplt      0x00000000        0x0 ./Project_Settings/Startup_Code/kinetis_sysinit.o

.ARM.extab
 *(.ARM.extab* .gnu.linkonce.armextab.*)

.ARM            0x000049a4        0x0
                0x000049a4                __exidx_start = .
 *(.ARM.exidx*)
                0x000049a4                __exidx_end = .

.ctors          0x000049a4        0x0
                0x000049a4                __CTOR_LIST__ = .
 *crtbegin.o(.ctors)
 *(EXCLUDE_FILE(*crtend.o) .ctors)
 *(SORT(.ctors.*))
 *(.ctors)
                0x000049a4                __CTOR_END__ = .

.dtors          0x000049a4        0x0
                0x000049a4                __DTOR_LIST__ = .
 *crtbegin.o(.dtors)
 *(EXCLUDE_FILE(*crtend.o) .dtors)
 *(SORT(.dtors.*))
 *(.dtors)
                0x000049a4                __DTOR_END__ = .

.preinit_array  0x000049a4        0x0
                0x000049a4                PROVIDE (__preinit_array_start, .)
 *(.preinit_array*)
                0x000049a4                PROVIDE (__preinit_array_end, .)

.init_array     0x000049a4        0x0
                0x000049a4                PROVIDE (__init_array_start, .)
 *(SORT(.init_array.*))
 *(.init_array*)
                0x000049a4                PROVIDE (__init_array_end, .)

.fini_array     0x000049a4        0x0
                0x000049a4                PROVIDE (__fini_array_start, .)
 *(SORT(.fini_array.*))
 *(.fini_array*)
                0x000049a4                PROVIDE (__fini_array_end, .)
                0x000049a4                ___ROM_AT = .

.mtb            0x1ffff000        0x0
                0x1ffff000                . = ALIGN (0x8)
                0x1ffff000                _mtb_start = .
 *(.mtb_buf)
                0x1ffff000                . = ALIGN (0x8)
                0x1ffff000                _mtb_end = .

.data           0x1ffff000      0x22c load address 0x000049a4
                0x1ffff000                . = ALIGN (0x4)
                0x1ffff000                _sdata = .
 *(.data)
 *(.data*)
 .data.errorMsg
                0x1ffff000        0xc ./Sources/hal_UART.o
                0x1ffff000                errorMsg
 .data.menu.5325
                0x1ffff00c      0x1bc ./Sources/hal_UART.o
 .data.love     0x1ffff1c8       0x14 ./Sources/hal_PB_SW_LED_RGB.o
                0x1ffff1c8                love
 .data.GpioPortArray
                0x1ffff1dc       0x14 ./Sources/bsp_gpio.o
                0x1ffff1dc                GpioPortArray
 .data.xxxPortArray
                0x1ffff1f0       0x14 ./Sources/bsp_gpio.o
                0x1ffff1f0                xxxPortArray
 .data.PushButtons
                0x1ffff204        0x8 ./Sources/bsp_connection_map.o
                0x1ffff204                PushButtons
 .data.RGB_leds
                0x1ffff20c        0x8 ./Sources/bsp_connection_map.o
                0x1ffff20c                RGB_leds
 .data.lcdPorts
                0x1ffff214       0x10 ./Sources/bsp_connection_map.o
                0x1ffff214                lcdPorts
 .data.X        0x1ffff224        0x4 ./Sources/app_FSM_handler.o
                0x1ffff224                X
 .data.downCount
                0x1ffff228        0x4 ./Sources/app_FSM_handler.o
                0x1ffff228                downCount
                0x1ffff22c                . = ALIGN (0x4)
                0x1ffff22c                _edata = .
                0x0000022c                ___data_size = (_edata - _sdata)

.igot.plt       0x1ffff22c        0x0 load address 0x00004bd0
 .igot.plt      0x00000000        0x0 ./Project_Settings/Startup_Code/kinetis_sysinit.o
                0x1ffff22c                . = ALIGN (0x4)

.bss            0x1ffff230      0x834 load address 0x00004bd8
                0x1ffff230                __START_BSS = .
                0x1ffff230                PROVIDE (__bss_start__, __START_BSS)
 *(.bss)
 *(.bss*)
 .bss.argv      0x1ffff230        0x4 ./Project_Settings/Startup_Code/__arm_start.o
 .bss.readStr   0x1ffff234      0x3e8 ./Sources/hal_UART.o
                0x1ffff234                readStr
 .bss.printStr  0x1ffff61c      0x3e8 ./Sources/hal_UART.o
                0x1ffff61c                printStr
 .bss.readStr_index
                0x1ffffa04        0x4 ./Sources/hal_UART.o
                0x1ffffa04                readStr_index
 .bss.printStr_in_index
                0x1ffffa08        0x4 ./Sources/hal_UART.o
                0x1ffffa08                printStr_in_index
 .bss.printStr_out_index
                0x1ffffa0c        0x4 ./Sources/hal_UART.o
                0x1ffffa0c                printStr_out_index
 .bss.intInput.5315
                0x1ffffa10        0x4 ./Sources/hal_UART.o
 .bss.RGBstate.5399
                0x1ffffa14        0x4 ./Sources/hal_PB_SW_LED_RGB.o
 .bss.last_sampleSum
                0x1ffffa18        0x8 ./Sources/hal_ADC_DAC.o
 .bss.sampleSum
                0x1ffffa20        0x8 ./Sources/hal_ADC_DAC.o
 .bss.sampleTimes
                0x1ffffa28        0x4 ./Sources/hal_ADC_DAC.o
 .bss.avgString
                0x1ffffa2c       0x14 ./Sources/hal_ADC_DAC.o
 .bss.g_state   0x1ffffa40        0x1 ./Sources/app_FSM_handler.o
                0x1ffffa40                g_state
 .bss.g_newState
                0x1ffffa41        0x1 ./Sources/app_FSM_handler.o
                0x1ffffa41                g_newState
 *fill*         0x1ffffa42        0x2 00
 .bss.upCount   0x1ffffa44        0x4 ./Sources/app_FSM_handler.o
                0x1ffffa44                upCount
 .bss.__stdio_exit
                0x1ffffa48        0x4 C:/Freescale/CW MCU v10.6/MCU/ARM_GCC_Support/ewl/lib/armv6-m\libc.a(exit.o)
                0x1ffffa48                __stdio_exit
 .bss.__console_exit
                0x1ffffa4c        0x4 C:/Freescale/CW MCU v10.6/MCU/ARM_GCC_Support/ewl/lib/armv6-m\libc.a(exit.o)
                0x1ffffa4c                __console_exit
 .bss.__S_romp  0x1ffffa50        0xc C:/Freescale/CW MCU v10.6/MCU/ARM_GCC_Support/ewl/lib/armv6-m\librt.a(ROMCopy.o)
 .bss.__global_destructor_chain
                0x1ffffa5c        0x4 C:/Freescale/CW MCU v10.6/MCU/ARM_GCC_Support/ewl/lib/armv6-m\librt.a(__arm_eabi_init.o)
                0x1ffffa5c                __global_destructor_chain
 *(COMMON)
 COMMON         0x1ffffa60        0x4 C:/Freescale/CW MCU v10.6/MCU/ARM_GCC_Support/ewl/lib/armv6-m\libc.a(errno.o)
                0x1ffffa60                errno
                0x1ffffa64                . = ALIGN (0x4)
                0x1ffffa64                __END_BSS = .
                0x1ffffa64                PROVIDE (__bss_end__, __END_BSS)
                0x00004bd0                _romp_at = (___ROM_AT + SIZEOF (.data))

.romp           0x1ffffa64       0x18 load address 0x00004bd0
                0x00004bd0                __S_romp = _romp_at
                0x1ffffa64        0x4 LONG 0x49a4 ___ROM_AT
                0x1ffffa68        0x4 LONG 0x1ffff000 _sdata
                0x1ffffa6c        0x4 LONG 0x22c ___data_size
                0x1ffffa70        0x4 LONG 0x0
                0x1ffffa74        0x4 LONG 0x0
                0x1ffffa78        0x4 LONG 0x0

._user_heap_stack
                0x1ffffa7c      0x800 load address 0x00004be8
                0x1ffffa7c                . = ALIGN (0x4)
                0x1ffffa7c                PROVIDE (end, .)
                0x1ffffa7c                PROVIDE (_end, .)
                0x1ffffa7c                __heap_addr = .
                0x1ffffe7c                . = (. + __heap_size)
 *fill*         0x1ffffa7c      0x400 00
                0x2000027c                . = (. + __stack_size)
 *fill*         0x1ffffe7c      0x400 00
                0x2000027c                . = ALIGN (0x4)

.ARM.attributes
                0x00000000       0x31
 *(.ARM.attributes)
 .ARM.attributes
                0x00000000       0x31 ./Project_Settings/Startup_Code/kinetis_sysinit.o
 .ARM.attributes
                0x00000031       0x31 ./Project_Settings/Startup_Code/__arm_start.o
 .ARM.attributes
                0x00000062       0x31 ./Project_Settings/Startup_Code/__arm_end.o
 .ARM.attributes
                0x00000093       0x31 ./Sources/mcg.o
 .ARM.attributes
                0x000000c4       0x31 ./Sources/main.o
 .ARM.attributes
                0x000000f5       0x31 ./Sources/hal_timers.o
 .ARM.attributes
                0x00000126       0x31 ./Sources/hal_UART.o
 .ARM.attributes
                0x00000157       0x31 ./Sources/hal_PB_SW_LED_RGB.o
 .ARM.attributes
                0x00000188       0x31 ./Sources/hal_LCD.o
 .ARM.attributes
                0x000001b9       0x31 ./Sources/hal_ADC_DAC.o
 .ARM.attributes
                0x000001ea       0x31 ./Sources/bsp_gpio.o
 .ARM.attributes
                0x0000021b       0x31 ./Sources/bsp_connection_map.o
 .ARM.attributes
                0x0000024c       0x31 ./Sources/arm_cm0.o
 .ARM.attributes
                0x0000027d       0x31 ./Sources/app_FSM_handler.o
 .ARM.attributes
                0x000002ae       0x31 ./Sources/api_lcd.o
 .ARM.attributes
                0x000002df       0x31 ./Sources/api_general_macros.o
 .ARM.attributes
                0x00000310       0x31 ./Sources/api.o
 .ARM.attributes
                0x00000341       0x31 ./Sources/BoardSupport.o
 .ARM.attributes
                0x00000372       0x31 C:/Freescale/CW MCU v10.6/MCU/ARM_GCC_Support/ewl/lib/armv6-m\libc.a(sprintf.o)
 .ARM.attributes
                0x000003a3       0x31 C:/Freescale/CW MCU v10.6/MCU/ARM_GCC_Support/ewl/lib/armv6-m\libc.a(vsnprintf.o)
 .ARM.attributes
                0x000003d4       0x31 C:/Freescale/CW MCU v10.6/MCU/ARM_GCC_Support/ewl/lib/armv6-m\libc.a(atoi.o)
 .ARM.attributes
                0x00000405       0x31 C:/Freescale/CW MCU v10.6/MCU/ARM_GCC_Support/ewl/lib/armv6-m\libc.a(exit.o)
 .ARM.attributes
                0x00000436       0x31 C:/Freescale/CW MCU v10.6/MCU/ARM_GCC_Support/ewl/lib/armv6-m\libc.a(memcpy.o)
 .ARM.attributes
                0x00000467       0x31 C:/Freescale/CW MCU v10.6/MCU/ARM_GCC_Support/ewl/lib/armv6-m\libc.a(memset.o)
 .ARM.attributes
                0x00000498       0x31 C:/Freescale/CW MCU v10.6/MCU/ARM_GCC_Support/ewl/lib/armv6-m\libc.a(printformat_.o)
 .ARM.attributes
                0x000004c9       0x31 C:/Freescale/CW MCU v10.6/MCU/ARM_GCC_Support/ewl/lib/armv6-m\libc.a(scanformat_.o)
 .ARM.attributes
                0x000004fa       0x31 C:/Freescale/CW MCU v10.6/MCU/ARM_GCC_Support/ewl/lib/armv6-m\libc.a(ctype_aeabi.o)
 .ARM.attributes
                0x0000052b       0x31 C:/Freescale/CW MCU v10.6/MCU/ARM_GCC_Support/ewl/lib/armv6-m\libc.a(errno.o)
 .ARM.attributes
                0x0000055c       0x31 C:/Freescale/CW MCU v10.6/MCU/ARM_GCC_Support/ewl/lib/armv6-m\libc.a(vsscanf.o)
 .ARM.attributes
                0x0000058d       0x31 C:/Freescale/CW MCU v10.6/MCU/ARM_GCC_Support/ewl/lib/armv6-m\libc.a(__strtoul.o)
 .ARM.attributes
                0x000005be       0x31 C:/Freescale/CW MCU v10.6/MCU/ARM_GCC_Support/ewl/lib/armv6-m\libc.a(__filll_mem.o)
 .ARM.attributes
                0x000005ef       0x31 C:/Freescale/CW MCU v10.6/MCU/ARM_GCC_Support/ewl/lib/armv6-m\libc.a(memchr.o)
 .ARM.attributes
                0x00000620       0x31 C:/Freescale/CW MCU v10.6/MCU/ARM_GCC_Support/ewl/lib/armv6-m\libc.a(strchr.o)
 .ARM.attributes
                0x00000651       0x31 C:/Freescale/CW MCU v10.6/MCU/ARM_GCC_Support/ewl/lib/armv6-m\libc.a(strlen.o)
 .ARM.attributes
                0x00000682       0x1e c:/freescale/cw mcu v10.6/cross_tools/arm-none-eabi-gcc-4_7_3/bin/../lib/gcc/arm-none-eabi/4.7.3/armv6-m\libgcc.a(_thumb1_case_sqi.o)
 .ARM.attributes
                0x000006a0       0x1e c:/freescale/cw mcu v10.6/cross_tools/arm-none-eabi-gcc-4_7_3/bin/../lib/gcc/arm-none-eabi/4.7.3/armv6-m\libgcc.a(_thumb1_case_uqi.o)
 .ARM.attributes
                0x000006be       0x1e c:/freescale/cw mcu v10.6/cross_tools/arm-none-eabi-gcc-4_7_3/bin/../lib/gcc/arm-none-eabi/4.7.3/armv6-m\libgcc.a(_udivsi3.o)
 .ARM.attributes
                0x000006dc       0x1e c:/freescale/cw mcu v10.6/cross_tools/arm-none-eabi-gcc-4_7_3/bin/../lib/gcc/arm-none-eabi/4.7.3/armv6-m\libgcc.a(_divsi3.o)
 .ARM.attributes
                0x000006fa       0x1e c:/freescale/cw mcu v10.6/cross_tools/arm-none-eabi-gcc-4_7_3/bin/../lib/gcc/arm-none-eabi/4.7.3/armv6-m\libgcc.a(_dvmd_tls.o)
 .ARM.attributes
                0x00000718       0x2c c:/freescale/cw mcu v10.6/cross_tools/arm-none-eabi-gcc-4_7_3/bin/../lib/gcc/arm-none-eabi/4.7.3/armv6-m\libgcc.a(mulsf3.o)
 .ARM.attributes
                0x00000744       0x2c c:/freescale/cw mcu v10.6/cross_tools/arm-none-eabi-gcc-4_7_3/bin/../lib/gcc/arm-none-eabi/4.7.3/armv6-m\libgcc.a(fixsfsi.o)
 .ARM.attributes
                0x00000770       0x2c c:/freescale/cw mcu v10.6/cross_tools/arm-none-eabi-gcc-4_7_3/bin/../lib/gcc/arm-none-eabi/4.7.3/armv6-m\libgcc.a(divdf3.o)
 .ARM.attributes
                0x0000079c       0x2c c:/freescale/cw mcu v10.6/cross_tools/arm-none-eabi-gcc-4_7_3/bin/../lib/gcc/arm-none-eabi/4.7.3/armv6-m\libgcc.a(muldf3.o)
 .ARM.attributes
                0x000007c8       0x2c c:/freescale/cw mcu v10.6/cross_tools/arm-none-eabi-gcc-4_7_3/bin/../lib/gcc/arm-none-eabi/4.7.3/armv6-m\libgcc.a(floatsidf.o)
 .ARM.attributes
                0x000007f4       0x2c c:/freescale/cw mcu v10.6/cross_tools/arm-none-eabi-gcc-4_7_3/bin/../lib/gcc/arm-none-eabi/4.7.3/armv6-m\libgcc.a(truncdfsf2.o)
 .ARM.attributes
                0x00000820       0x1e c:/freescale/cw mcu v10.6/cross_tools/arm-none-eabi-gcc-4_7_3/bin/../lib/gcc/arm-none-eabi/4.7.3/armv6-m\libgcc.a(_clzsi2.o)
 .ARM.attributes
                0x0000083e       0x31 C:/Freescale/CW MCU v10.6/MCU/ARM_GCC_Support/ewl/lib/armv6-m\librt.a(gcc_ctor_dtor.o)
 .ARM.attributes
                0x0000086f       0x31 C:/Freescale/CW MCU v10.6/MCU/ARM_GCC_Support/ewl/lib/armv6-m\librt.a(ROMCopy.o)
 .ARM.attributes
                0x000008a0       0x31 C:/Freescale/CW MCU v10.6/MCU/ARM_GCC_Support/ewl/lib/armv6-m\librt.a(__arm_eabi_init.o)
OUTPUT(lab6_codewarier.elf elf32-littlearm)

.debug_info     0x00000000     0x73a6
 .debug_info    0x00000000      0x447 ./Project_Settings/Startup_Code/kinetis_sysinit.o
 .debug_info    0x00000447      0x12a ./Project_Settings/Startup_Code/__arm_start.o
 .debug_info    0x00000571       0x54 ./Project_Settings/Startup_Code/__arm_end.o
 .debug_info    0x000005c5      0xf8e ./Sources/mcg.o
 .debug_info    0x00001553       0x8f ./Sources/main.o
 .debug_info    0x000015e2      0x6cf ./Sources/hal_timers.o
 .debug_info    0x00001cb1      0x849 ./Sources/hal_UART.o
 .debug_info    0x000024fa      0x4f6 ./Sources/hal_PB_SW_LED_RGB.o
 .debug_info    0x000029f0      0x264 ./Sources/hal_LCD.o
 .debug_info    0x00002c54      0x9c5 ./Sources/hal_ADC_DAC.o
 .debug_info    0x00003619      0x943 ./Sources/bsp_gpio.o
 .debug_info    0x00003f5c      0x1fe ./Sources/bsp_connection_map.o
 .debug_info    0x0000415a      0x3cb ./Sources/arm_cm0.o
 .debug_info    0x00004525      0x3a4 ./Sources/app_FSM_handler.o
 .debug_info    0x000048c9      0x135 ./Sources/api_lcd.o
 .debug_info    0x000049fe      0x161 ./Sources/api_general_macros.o
 .debug_info    0x00004b5f       0x8a ./Sources/api.o
 .debug_info    0x00004be9      0x36a ./Sources/BoardSupport.o
 .debug_info    0x00004f53      0x11e C:/Freescale/CW MCU v10.6/MCU/ARM_GCC_Support/ewl/lib/armv6-m\libc.a(sprintf.o)
 .debug_info    0x00005071      0x205 C:/Freescale/CW MCU v10.6/MCU/ARM_GCC_Support/ewl/lib/armv6-m\libc.a(vsnprintf.o)
 .debug_info    0x00005276      0x228 C:/Freescale/CW MCU v10.6/MCU/ARM_GCC_Support/ewl/lib/armv6-m\libc.a(atoi.o)
 .debug_info    0x0000549e       0xe8 C:/Freescale/CW MCU v10.6/MCU/ARM_GCC_Support/ewl/lib/armv6-m\libc.a(exit.o)
 .debug_info    0x00005586      0x10f C:/Freescale/CW MCU v10.6/MCU/ARM_GCC_Support/ewl/lib/armv6-m\libc.a(memcpy.o)
 .debug_info    0x00005695       0xec C:/Freescale/CW MCU v10.6/MCU/ARM_GCC_Support/ewl/lib/armv6-m\libc.a(memset.o)
 .debug_info    0x00005781      0x50d C:/Freescale/CW MCU v10.6/MCU/ARM_GCC_Support/ewl/lib/armv6-m\libc.a(printformat_.o)
 .debug_info    0x00005c8e      0x568 C:/Freescale/CW MCU v10.6/MCU/ARM_GCC_Support/ewl/lib/armv6-m\libc.a(scanformat_.o)
 .debug_info    0x000061f6      0x313 C:/Freescale/CW MCU v10.6/MCU/ARM_GCC_Support/ewl/lib/armv6-m\libc.a(ctype_aeabi.o)
 .debug_info    0x00006509       0x9d C:/Freescale/CW MCU v10.6/MCU/ARM_GCC_Support/ewl/lib/armv6-m\libc.a(errno.o)
 .debug_info    0x000065a6      0x253 C:/Freescale/CW MCU v10.6/MCU/ARM_GCC_Support/ewl/lib/armv6-m\libc.a(vsscanf.o)
 .debug_info    0x000067f9      0x1d6 C:/Freescale/CW MCU v10.6/MCU/ARM_GCC_Support/ewl/lib/armv6-m\libc.a(__strtoul.o)
 .debug_info    0x000069cf      0x137 C:/Freescale/CW MCU v10.6/MCU/ARM_GCC_Support/ewl/lib/armv6-m\libc.a(__filll_mem.o)
 .debug_info    0x00006b06      0x121 C:/Freescale/CW MCU v10.6/MCU/ARM_GCC_Support/ewl/lib/armv6-m\libc.a(memchr.o)
 .debug_info    0x00006c27      0x10b C:/Freescale/CW MCU v10.6/MCU/ARM_GCC_Support/ewl/lib/armv6-m\libc.a(strchr.o)
 .debug_info    0x00006d32       0xea C:/Freescale/CW MCU v10.6/MCU/ARM_GCC_Support/ewl/lib/armv6-m\libc.a(strlen.o)
 .debug_info    0x00006e1c      0x136 C:/Freescale/CW MCU v10.6/MCU/ARM_GCC_Support/ewl/lib/armv6-m\librt.a(gcc_ctor_dtor.o)
 .debug_info    0x00006f52      0x19b C:/Freescale/CW MCU v10.6/MCU/ARM_GCC_Support/ewl/lib/armv6-m\librt.a(ROMCopy.o)
 .debug_info    0x000070ed      0x2b9 C:/Freescale/CW MCU v10.6/MCU/ARM_GCC_Support/ewl/lib/armv6-m\librt.a(__arm_eabi_init.o)

.debug_abbrev   0x00000000     0x1ff9
 .debug_abbrev  0x00000000       0xe7 ./Project_Settings/Startup_Code/kinetis_sysinit.o
 .debug_abbrev  0x000000e7       0x92 ./Project_Settings/Startup_Code/__arm_start.o
 .debug_abbrev  0x00000179       0x4c ./Project_Settings/Startup_Code/__arm_end.o
 .debug_abbrev  0x000001c5      0x18d ./Sources/mcg.o
 .debug_abbrev  0x00000352       0x3f ./Sources/main.o
 .debug_abbrev  0x00000391      0x105 ./Sources/hal_timers.o
 .debug_abbrev  0x00000496      0x15c ./Sources/hal_UART.o
 .debug_abbrev  0x000005f2      0x120 ./Sources/hal_PB_SW_LED_RGB.o
 .debug_abbrev  0x00000712      0x131 ./Sources/hal_LCD.o
 .debug_abbrev  0x00000843      0x17e ./Sources/hal_ADC_DAC.o
 .debug_abbrev  0x000009c1      0x14d ./Sources/bsp_gpio.o
 .debug_abbrev  0x00000b0e       0x99 ./Sources/bsp_connection_map.o
 .debug_abbrev  0x00000ba7      0x102 ./Sources/arm_cm0.o
 .debug_abbrev  0x00000ca9       0xbb ./Sources/app_FSM_handler.o
 .debug_abbrev  0x00000d64       0xa3 ./Sources/api_lcd.o
 .debug_abbrev  0x00000e07       0xa0 ./Sources/api_general_macros.o
 .debug_abbrev  0x00000ea7       0x3b ./Sources/api.o
 .debug_abbrev  0x00000ee2       0xd1 ./Sources/BoardSupport.o
 .debug_abbrev  0x00000fb3       0xb1 C:/Freescale/CW MCU v10.6/MCU/ARM_GCC_Support/ewl/lib/armv6-m\libc.a(sprintf.o)
 .debug_abbrev  0x00001064       0xf0 C:/Freescale/CW MCU v10.6/MCU/ARM_GCC_Support/ewl/lib/armv6-m\libc.a(vsnprintf.o)
 .debug_abbrev  0x00001154       0xd4 C:/Freescale/CW MCU v10.6/MCU/ARM_GCC_Support/ewl/lib/armv6-m\libc.a(atoi.o)
 .debug_abbrev  0x00001228       0x7a C:/Freescale/CW MCU v10.6/MCU/ARM_GCC_Support/ewl/lib/armv6-m\libc.a(exit.o)
 .debug_abbrev  0x000012a2       0x95 C:/Freescale/CW MCU v10.6/MCU/ARM_GCC_Support/ewl/lib/armv6-m\libc.a(memcpy.o)
 .debug_abbrev  0x00001337       0x62 C:/Freescale/CW MCU v10.6/MCU/ARM_GCC_Support/ewl/lib/armv6-m\libc.a(memset.o)
 .debug_abbrev  0x00001399      0x200 C:/Freescale/CW MCU v10.6/MCU/ARM_GCC_Support/ewl/lib/armv6-m\libc.a(printformat_.o)
 .debug_abbrev  0x00001599      0x1f0 C:/Freescale/CW MCU v10.6/MCU/ARM_GCC_Support/ewl/lib/armv6-m\libc.a(scanformat_.o)
 .debug_abbrev  0x00001789       0x9e C:/Freescale/CW MCU v10.6/MCU/ARM_GCC_Support/ewl/lib/armv6-m\libc.a(ctype_aeabi.o)
 .debug_abbrev  0x00001827       0x44 C:/Freescale/CW MCU v10.6/MCU/ARM_GCC_Support/ewl/lib/armv6-m\libc.a(errno.o)
 .debug_abbrev  0x0000186b      0x15f C:/Freescale/CW MCU v10.6/MCU/ARM_GCC_Support/ewl/lib/armv6-m\libc.a(vsscanf.o)
 .debug_abbrev  0x000019ca       0xc2 C:/Freescale/CW MCU v10.6/MCU/ARM_GCC_Support/ewl/lib/armv6-m\libc.a(__strtoul.o)
 .debug_abbrev  0x00001a8c       0x78 C:/Freescale/CW MCU v10.6/MCU/ARM_GCC_Support/ewl/lib/armv6-m\libc.a(__filll_mem.o)
 .debug_abbrev  0x00001b04       0x95 C:/Freescale/CW MCU v10.6/MCU/ARM_GCC_Support/ewl/lib/armv6-m\libc.a(memchr.o)
 .debug_abbrev  0x00001b99       0x7a C:/Freescale/CW MCU v10.6/MCU/ARM_GCC_Support/ewl/lib/armv6-m\libc.a(strchr.o)
 .debug_abbrev  0x00001c13       0x7a C:/Freescale/CW MCU v10.6/MCU/ARM_GCC_Support/ewl/lib/armv6-m\libc.a(strlen.o)
 .debug_abbrev  0x00001c8d       0x99 C:/Freescale/CW MCU v10.6/MCU/ARM_GCC_Support/ewl/lib/armv6-m\librt.a(gcc_ctor_dtor.o)
 .debug_abbrev  0x00001d26      0x120 C:/Freescale/CW MCU v10.6/MCU/ARM_GCC_Support/ewl/lib/armv6-m\librt.a(ROMCopy.o)
 .debug_abbrev  0x00001e46      0x1b3 C:/Freescale/CW MCU v10.6/MCU/ARM_GCC_Support/ewl/lib/armv6-m\librt.a(__arm_eabi_init.o)

.debug_loc      0x00000000     0x4520
 .debug_loc     0x00000000       0x58 ./Project_Settings/Startup_Code/kinetis_sysinit.o
 .debug_loc     0x00000058       0x2c ./Project_Settings/Startup_Code/__arm_start.o
 .debug_loc     0x00000084       0x38 ./Project_Settings/Startup_Code/__arm_end.o
 .debug_loc     0x000000bc      0x64c ./Sources/mcg.o
 .debug_loc     0x00000708       0x2c ./Sources/main.o
 .debug_loc     0x00000734      0x164 ./Sources/hal_timers.o
 .debug_loc     0x00000898      0x164 ./Sources/hal_UART.o
 .debug_loc     0x000009fc      0x244 ./Sources/hal_PB_SW_LED_RGB.o
 .debug_loc     0x00000c40      0x144 ./Sources/hal_LCD.o
 .debug_loc     0x00000d84      0x1c8 ./Sources/hal_ADC_DAC.o
 .debug_loc     0x00000f4c      0x56c ./Sources/bsp_gpio.o
 .debug_loc     0x000014b8      0x138 ./Sources/arm_cm0.o
 .debug_loc     0x000015f0      0x214 ./Sources/app_FSM_handler.o
 .debug_loc     0x00001804       0xe0 ./Sources/api_lcd.o
 .debug_loc     0x000018e4       0xa8 ./Sources/api_general_macros.o
 .debug_loc     0x0000198c       0x2c ./Sources/api.o
 .debug_loc     0x000019b8       0x64 ./Sources/BoardSupport.o
 .debug_loc     0x00001a1c       0x3f C:/Freescale/CW MCU v10.6/MCU/ARM_GCC_Support/ewl/lib/armv6-m\libc.a(sprintf.o)
 .debug_loc     0x00001a5b      0x105 C:/Freescale/CW MCU v10.6/MCU/ARM_GCC_Support/ewl/lib/armv6-m\libc.a(vsnprintf.o)
 .debug_loc     0x00001b60      0x169 C:/Freescale/CW MCU v10.6/MCU/ARM_GCC_Support/ewl/lib/armv6-m\libc.a(atoi.o)
 .debug_loc     0x00001cc9       0x3e C:/Freescale/CW MCU v10.6/MCU/ARM_GCC_Support/ewl/lib/armv6-m\libc.a(exit.o)
 .debug_loc     0x00001d07       0x59 C:/Freescale/CW MCU v10.6/MCU/ARM_GCC_Support/ewl/lib/armv6-m\libc.a(memcpy.o)
 .debug_loc     0x00001d60       0x6f C:/Freescale/CW MCU v10.6/MCU/ARM_GCC_Support/ewl/lib/armv6-m\libc.a(memset.o)
 .debug_loc     0x00001dcf     0x104b C:/Freescale/CW MCU v10.6/MCU/ARM_GCC_Support/ewl/lib/armv6-m\libc.a(printformat_.o)
 .debug_loc     0x00002e1a      0x9d8 C:/Freescale/CW MCU v10.6/MCU/ARM_GCC_Support/ewl/lib/armv6-m\libc.a(scanformat_.o)
 .debug_loc     0x000037f2      0x30d C:/Freescale/CW MCU v10.6/MCU/ARM_GCC_Support/ewl/lib/armv6-m\libc.a(ctype_aeabi.o)
 .debug_loc     0x00003aff      0x16c C:/Freescale/CW MCU v10.6/MCU/ARM_GCC_Support/ewl/lib/armv6-m\libc.a(vsscanf.o)
 .debug_loc     0x00003c6b      0x305 C:/Freescale/CW MCU v10.6/MCU/ARM_GCC_Support/ewl/lib/armv6-m\libc.a(__strtoul.o)
 .debug_loc     0x00003f70      0x14a C:/Freescale/CW MCU v10.6/MCU/ARM_GCC_Support/ewl/lib/armv6-m\libc.a(__filll_mem.o)
 .debug_loc     0x000040ba       0x77 C:/Freescale/CW MCU v10.6/MCU/ARM_GCC_Support/ewl/lib/armv6-m\libc.a(memchr.o)
 .debug_loc     0x00004131       0xaf C:/Freescale/CW MCU v10.6/MCU/ARM_GCC_Support/ewl/lib/armv6-m\libc.a(strchr.o)
 .debug_loc     0x000041e0       0x33 C:/Freescale/CW MCU v10.6/MCU/ARM_GCC_Support/ewl/lib/armv6-m\libc.a(strlen.o)
 .debug_loc     0x00004213       0x9d C:/Freescale/CW MCU v10.6/MCU/ARM_GCC_Support/ewl/lib/armv6-m\librt.a(gcc_ctor_dtor.o)
 .debug_loc     0x000042b0       0xd9 C:/Freescale/CW MCU v10.6/MCU/ARM_GCC_Support/ewl/lib/armv6-m\librt.a(ROMCopy.o)
 .debug_loc     0x00004389      0x197 C:/Freescale/CW MCU v10.6/MCU/ARM_GCC_Support/ewl/lib/armv6-m\librt.a(__arm_eabi_init.o)

.debug_aranges  0x00000000      0x8e8
 .debug_aranges
                0x00000000       0x28 ./Project_Settings/Startup_Code/kinetis_sysinit.o
 .debug_aranges
                0x00000028       0x30 ./Project_Settings/Startup_Code/__arm_start.o
 .debug_aranges
                0x00000058       0x20 ./Project_Settings/Startup_Code/__arm_end.o
 .debug_aranges
                0x00000078      0x100 ./Sources/mcg.o
 .debug_aranges
                0x00000178       0x20 ./Sources/main.o
 .debug_aranges
                0x00000198       0x50 ./Sources/hal_timers.o
 .debug_aranges
                0x000001e8       0x50 ./Sources/hal_UART.o
 .debug_aranges
                0x00000238       0x70 ./Sources/hal_PB_SW_LED_RGB.o
 .debug_aranges
                0x000002a8       0x48 ./Sources/hal_LCD.o
 .debug_aranges
                0x000002f0       0x60 ./Sources/hal_ADC_DAC.o
 .debug_aranges
                0x00000350       0xe0 ./Sources/bsp_gpio.o
 .debug_aranges
                0x00000430       0x18 ./Sources/bsp_connection_map.o
 .debug_aranges
                0x00000448       0x48 ./Sources/arm_cm0.o
 .debug_aranges
                0x00000490       0x70 ./Sources/app_FSM_handler.o
 .debug_aranges
                0x00000500       0x38 ./Sources/api_lcd.o
 .debug_aranges
                0x00000538       0x30 ./Sources/api_general_macros.o
 .debug_aranges
                0x00000568       0x20 ./Sources/api.o
 .debug_aranges
                0x00000588       0x28 ./Sources/BoardSupport.o
 .debug_aranges
                0x000005b0       0x20 C:/Freescale/CW MCU v10.6/MCU/ARM_GCC_Support/ewl/lib/armv6-m\libc.a(sprintf.o)
 .debug_aranges
                0x000005d0       0x28 C:/Freescale/CW MCU v10.6/MCU/ARM_GCC_Support/ewl/lib/armv6-m\libc.a(vsnprintf.o)
 .debug_aranges
                0x000005f8       0x30 C:/Freescale/CW MCU v10.6/MCU/ARM_GCC_Support/ewl/lib/armv6-m\libc.a(atoi.o)
 .debug_aranges
                0x00000628       0x20 C:/Freescale/CW MCU v10.6/MCU/ARM_GCC_Support/ewl/lib/armv6-m\libc.a(exit.o)
 .debug_aranges
                0x00000648       0x20 C:/Freescale/CW MCU v10.6/MCU/ARM_GCC_Support/ewl/lib/armv6-m\libc.a(memcpy.o)
 .debug_aranges
                0x00000668       0x20 C:/Freescale/CW MCU v10.6/MCU/ARM_GCC_Support/ewl/lib/armv6-m\libc.a(memset.o)
 .debug_aranges
                0x00000688       0x28 C:/Freescale/CW MCU v10.6/MCU/ARM_GCC_Support/ewl/lib/armv6-m\libc.a(printformat_.o)
 .debug_aranges
                0x000006b0       0x20 C:/Freescale/CW MCU v10.6/MCU/ARM_GCC_Support/ewl/lib/armv6-m\libc.a(scanformat_.o)
 .debug_aranges
                0x000006d0       0x88 C:/Freescale/CW MCU v10.6/MCU/ARM_GCC_Support/ewl/lib/armv6-m\libc.a(ctype_aeabi.o)
 .debug_aranges
                0x00000758       0x18 C:/Freescale/CW MCU v10.6/MCU/ARM_GCC_Support/ewl/lib/armv6-m\libc.a(errno.o)
 .debug_aranges
                0x00000770       0x28 C:/Freescale/CW MCU v10.6/MCU/ARM_GCC_Support/ewl/lib/armv6-m\libc.a(vsscanf.o)
 .debug_aranges
                0x00000798       0x20 C:/Freescale/CW MCU v10.6/MCU/ARM_GCC_Support/ewl/lib/armv6-m\libc.a(__strtoul.o)
 .debug_aranges
                0x000007b8       0x20 C:/Freescale/CW MCU v10.6/MCU/ARM_GCC_Support/ewl/lib/armv6-m\libc.a(__filll_mem.o)
 .debug_aranges
                0x000007d8       0x20 C:/Freescale/CW MCU v10.6/MCU/ARM_GCC_Support/ewl/lib/armv6-m\libc.a(memchr.o)
 .debug_aranges
                0x000007f8       0x20 C:/Freescale/CW MCU v10.6/MCU/ARM_GCC_Support/ewl/lib/armv6-m\libc.a(strchr.o)
 .debug_aranges
                0x00000818       0x20 C:/Freescale/CW MCU v10.6/MCU/ARM_GCC_Support/ewl/lib/armv6-m\libc.a(strlen.o)
 .debug_aranges
                0x00000838       0x28 C:/Freescale/CW MCU v10.6/MCU/ARM_GCC_Support/ewl/lib/armv6-m\librt.a(gcc_ctor_dtor.o)
 .debug_aranges
                0x00000860       0x30 C:/Freescale/CW MCU v10.6/MCU/ARM_GCC_Support/ewl/lib/armv6-m\librt.a(ROMCopy.o)
 .debug_aranges
                0x00000890       0x58 C:/Freescale/CW MCU v10.6/MCU/ARM_GCC_Support/ewl/lib/armv6-m\librt.a(__arm_eabi_init.o)

.debug_macinfo  0x00000000   0x1f18ea
 .debug_macinfo
                0x00000000    0x264f0 ./Project_Settings/Startup_Code/kinetis_sysinit.o
 .debug_macinfo
                0x000264f0     0x3e6d ./Project_Settings/Startup_Code/__arm_start.o
 .debug_macinfo
                0x0002a35d     0x3456 ./Project_Settings/Startup_Code/__arm_end.o
 .debug_macinfo
                0x0002d7b3    0x265cb ./Sources/mcg.o
 .debug_macinfo
                0x00053d7e     0x489a ./Sources/main.o
 .debug_macinfo
                0x00058618    0x272f0 ./Sources/hal_timers.o
 .debug_macinfo
                0x0007f908    0x27152 ./Sources/hal_UART.o
 .debug_macinfo
                0x000a6a5a    0x271c3 ./Sources/hal_PB_SW_LED_RGB.o
 .debug_macinfo
                0x000cdc1d    0x27717 ./Sources/hal_LCD.o
 .debug_macinfo
                0x000f5334    0x27eef ./Sources/hal_ADC_DAC.o
 .debug_macinfo
                0x0011d223    0x27907 ./Sources/bsp_gpio.o
 .debug_macinfo
                0x00144b2a     0x487a ./Sources/bsp_connection_map.o
 .debug_macinfo
                0x001493a4    0x26569 ./Sources/arm_cm0.o
 .debug_macinfo
                0x0016f90d    0x286fa ./Sources/app_FSM_handler.o
 .debug_macinfo
                0x00198007     0x4e9d ./Sources/api_lcd.o
 .debug_macinfo
                0x0019cea4     0x4876 ./Sources/api_general_macros.o
 .debug_macinfo
                0x001a171a    0x287b7 ./Sources/api.o
 .debug_macinfo
                0x001c9ed1    0x27a19 ./Sources/BoardSupport.o

.debug_line     0x00000000     0x5852
 .debug_line    0x00000000      0x247 ./Project_Settings/Startup_Code/kinetis_sysinit.o
 .debug_line    0x00000247      0x2ca ./Project_Settings/Startup_Code/__arm_start.o
 .debug_line    0x00000511      0x266 ./Project_Settings/Startup_Code/__arm_end.o
 .debug_line    0x00000777      0x9d3 ./Sources/mcg.o
 .debug_line    0x0000114a      0x341 ./Sources/main.o
 .debug_line    0x0000148b      0x416 ./Sources/hal_timers.o
 .debug_line    0x000018a1      0x43a ./Sources/hal_UART.o
 .debug_line    0x00001cdb      0x46e ./Sources/hal_PB_SW_LED_RGB.o
 .debug_line    0x00002149      0x3c6 ./Sources/hal_LCD.o
 .debug_line    0x0000250f      0x442 ./Sources/hal_ADC_DAC.o
 .debug_line    0x00002951      0x501 ./Sources/bsp_gpio.o
 .debug_line    0x00002e52      0x31e ./Sources/bsp_connection_map.o
 .debug_line    0x00003170      0x278 ./Sources/arm_cm0.o
 .debug_line    0x000033e8      0x45f ./Sources/app_FSM_handler.o
 .debug_line    0x00003847      0x36a ./Sources/api_lcd.o
 .debug_line    0x00003bb1      0x35b ./Sources/api_general_macros.o
 .debug_line    0x00003f0c      0x3b8 ./Sources/api.o
 .debug_line    0x000042c4      0x364 ./Sources/BoardSupport.o
 .debug_line    0x00004628       0x93 C:/Freescale/CW MCU v10.6/MCU/ARM_GCC_Support/ewl/lib/armv6-m\libc.a(sprintf.o)
 .debug_line    0x000046bb       0xd4 C:/Freescale/CW MCU v10.6/MCU/ARM_GCC_Support/ewl/lib/armv6-m\libc.a(vsnprintf.o)
 .debug_line    0x0000478f       0xd2 C:/Freescale/CW MCU v10.6/MCU/ARM_GCC_Support/ewl/lib/armv6-m\libc.a(atoi.o)
 .debug_line    0x00004861       0x8d C:/Freescale/CW MCU v10.6/MCU/ARM_GCC_Support/ewl/lib/armv6-m\libc.a(exit.o)
 .debug_line    0x000048ee       0x8b C:/Freescale/CW MCU v10.6/MCU/ARM_GCC_Support/ewl/lib/armv6-m\libc.a(memcpy.o)
 .debug_line    0x00004979       0x90 C:/Freescale/CW MCU v10.6/MCU/ARM_GCC_Support/ewl/lib/armv6-m\libc.a(memset.o)
 .debug_line    0x00004a09      0x2c3 C:/Freescale/CW MCU v10.6/MCU/ARM_GCC_Support/ewl/lib/armv6-m\libc.a(printformat_.o)
 .debug_line    0x00004ccc      0x2be C:/Freescale/CW MCU v10.6/MCU/ARM_GCC_Support/ewl/lib/armv6-m\libc.a(scanformat_.o)
 .debug_line    0x00004f8a      0x1be C:/Freescale/CW MCU v10.6/MCU/ARM_GCC_Support/ewl/lib/armv6-m\libc.a(ctype_aeabi.o)
 .debug_line    0x00005148       0x4d C:/Freescale/CW MCU v10.6/MCU/ARM_GCC_Support/ewl/lib/armv6-m\libc.a(errno.o)
 .debug_line    0x00005195       0xc8 C:/Freescale/CW MCU v10.6/MCU/ARM_GCC_Support/ewl/lib/armv6-m\libc.a(vsscanf.o)
 .debug_line    0x0000525d      0x11e C:/Freescale/CW MCU v10.6/MCU/ARM_GCC_Support/ewl/lib/armv6-m\libc.a(__strtoul.o)
 .debug_line    0x0000537b       0xf6 C:/Freescale/CW MCU v10.6/MCU/ARM_GCC_Support/ewl/lib/armv6-m\libc.a(__filll_mem.o)
 .debug_line    0x00005471       0x9f C:/Freescale/CW MCU v10.6/MCU/ARM_GCC_Support/ewl/lib/armv6-m\libc.a(memchr.o)
 .debug_line    0x00005510       0x7d C:/Freescale/CW MCU v10.6/MCU/ARM_GCC_Support/ewl/lib/armv6-m\libc.a(strchr.o)
 .debug_line    0x0000558d       0x85 C:/Freescale/CW MCU v10.6/MCU/ARM_GCC_Support/ewl/lib/armv6-m\libc.a(strlen.o)
 .debug_line    0x00005612       0x6c C:/Freescale/CW MCU v10.6/MCU/ARM_GCC_Support/ewl/lib/armv6-m\librt.a(gcc_ctor_dtor.o)
 .debug_line    0x0000567e       0xbd C:/Freescale/CW MCU v10.6/MCU/ARM_GCC_Support/ewl/lib/armv6-m\librt.a(ROMCopy.o)
 .debug_line    0x0000573b      0x117 C:/Freescale/CW MCU v10.6/MCU/ARM_GCC_Support/ewl/lib/armv6-m\librt.a(__arm_eabi_init.o)

.debug_str      0x00000000     0x1e9a
 .debug_str     0x00000000      0x2c8 ./Project_Settings/Startup_Code/kinetis_sysinit.o
                                0x2ef (size before relaxing)
 .debug_str     0x000002c8       0x85 ./Project_Settings/Startup_Code/__arm_start.o
                                0x1c9 (size before relaxing)
 .debug_str     0x0000034d       0x41 ./Project_Settings/Startup_Code/__arm_end.o
                                0x100 (size before relaxing)
 .debug_str     0x0000038e      0x2a7 ./Sources/mcg.o
                                0x503 (size before relaxing)
 .debug_str     0x00000635       0x17 ./Sources/main.o
                                0x15b (size before relaxing)
 .debug_str     0x0000064c      0x364 ./Sources/hal_timers.o
                                0x59f (size before relaxing)
 .debug_str     0x000009b0      0x189 ./Sources/hal_UART.o
                                0x67d (size before relaxing)
 .debug_str     0x00000b39      0x285 ./Sources/hal_PB_SW_LED_RGB.o
                                0x63c (size before relaxing)
 .debug_str     0x00000dbe       0x77 ./Sources/hal_LCD.o
                                0x244 (size before relaxing)
 .debug_str     0x00000e35      0x1f6 ./Sources/hal_ADC_DAC.o
                                0x6b0 (size before relaxing)
 .debug_str     0x0000102b      0x1c8 ./Sources/bsp_gpio.o
                                0x5aa (size before relaxing)
 .debug_str     0x000011f3       0x50 ./Sources/bsp_connection_map.o
                                0x245 (size before relaxing)
 .debug_str     0x00001243       0x8f ./Sources/arm_cm0.o
                                0x261 (size before relaxing)
 .debug_str     0x000012d2       0xdf ./Sources/app_FSM_handler.o
                                0x4e8 (size before relaxing)
 .debug_str     0x000013b1       0x58 ./Sources/api_lcd.o
                                0x19c (size before relaxing)
 .debug_str     0x00001409       0x7e ./Sources/api_general_macros.o
                                0x1cf (size before relaxing)
 .debug_str     0x00001487       0x17 ./Sources/api.o
                                0x15b (size before relaxing)
 .debug_str     0x0000149e       0x3d ./Sources/BoardSupport.o
                                0x2b1 (size before relaxing)
 .debug_str     0x000014db       0x56 C:/Freescale/CW MCU v10.6/MCU/ARM_GCC_Support/ewl/lib/armv6-m\libc.a(sprintf.o)
                                0x163 (size before relaxing)
 .debug_str     0x00001531       0x8a C:/Freescale/CW MCU v10.6/MCU/ARM_GCC_Support/ewl/lib/armv6-m\libc.a(vsnprintf.o)
                                0x1cc (size before relaxing)
 .debug_str     0x000015bb       0x75 C:/Freescale/CW MCU v10.6/MCU/ARM_GCC_Support/ewl/lib/armv6-m\libc.a(atoi.o)
                                0x1af (size before relaxing)
 .debug_str     0x00001630       0x2e C:/Freescale/CW MCU v10.6/MCU/ARM_GCC_Support/ewl/lib/armv6-m\libc.a(exit.o)
                                0x157 (size before relaxing)
 .debug_str     0x0000165e       0x1c C:/Freescale/CW MCU v10.6/MCU/ARM_GCC_Support/ewl/lib/armv6-m\libc.a(memcpy.o)
                                0x138 (size before relaxing)
 .debug_str     0x0000167a       0x1c C:/Freescale/CW MCU v10.6/MCU/ARM_GCC_Support/ewl/lib/armv6-m\libc.a(memset.o)
                                0x140 (size before relaxing)
 .debug_str     0x00001696      0x227 C:/Freescale/CW MCU v10.6/MCU/ARM_GCC_Support/ewl/lib/armv6-m\libc.a(printformat_.o)
                                0x3b3 (size before relaxing)
 .debug_str     0x000018bd      0x172 C:/Freescale/CW MCU v10.6/MCU/ARM_GCC_Support/ewl/lib/armv6-m\libc.a(scanformat_.o)
                                0x3f9 (size before relaxing)
 .debug_str     0x00001a2f       0x9d C:/Freescale/CW MCU v10.6/MCU/ARM_GCC_Support/ewl/lib/armv6-m\libc.a(ctype_aeabi.o)
                                0x1bc (size before relaxing)
 .debug_str     0x00001acc       0x12 C:/Freescale/CW MCU v10.6/MCU/ARM_GCC_Support/ewl/lib/armv6-m\libc.a(errno.o)
                                0x12c (size before relaxing)
 .debug_str     0x00001ade       0x3c C:/Freescale/CW MCU v10.6/MCU/ARM_GCC_Support/ewl/lib/armv6-m\libc.a(vsscanf.o)
                                0x1e5 (size before relaxing)
 .debug_str     0x00001b1a       0x55 C:/Freescale/CW MCU v10.6/MCU/ARM_GCC_Support/ewl/lib/armv6-m\libc.a(__strtoul.o)
                                0x1fb (size before relaxing)
 .debug_str     0x00001b6f       0x25 C:/Freescale/CW MCU v10.6/MCU/ARM_GCC_Support/ewl/lib/armv6-m\libc.a(__filll_mem.o)
                                0x152 (size before relaxing)
 .debug_str     0x00001b94       0x1c C:/Freescale/CW MCU v10.6/MCU/ARM_GCC_Support/ewl/lib/armv6-m\libc.a(memchr.o)
                                0x148 (size before relaxing)
 .debug_str     0x00001bb0       0x1c C:/Freescale/CW MCU v10.6/MCU/ARM_GCC_Support/ewl/lib/armv6-m\libc.a(strchr.o)
                                0x137 (size before relaxing)
 .debug_str     0x00001bcc       0x1c C:/Freescale/CW MCU v10.6/MCU/ARM_GCC_Support/ewl/lib/armv6-m\libc.a(strlen.o)
                                0x140 (size before relaxing)
 .debug_str     0x00001be8      0x126 C:/Freescale/CW MCU v10.6/MCU/ARM_GCC_Support/ewl/lib/armv6-m\librt.a(gcc_ctor_dtor.o)
                                0x181 (size before relaxing)
 .debug_str     0x00001d0e       0x94 C:/Freescale/CW MCU v10.6/MCU/ARM_GCC_Support/ewl/lib/armv6-m\librt.a(ROMCopy.o)
                                0x13c (size before relaxing)
 .debug_str     0x00001da2       0xf8 C:/Freescale/CW MCU v10.6/MCU/ARM_GCC_Support/ewl/lib/armv6-m\librt.a(__arm_eabi_init.o)
                                0x1b5 (size before relaxing)

.comment        0x00000000       0x79
 .comment       0x00000000       0x79 ./Project_Settings/Startup_Code/kinetis_sysinit.o
                                 0x7a (size before relaxing)
 .comment       0x00000000       0x7a ./Project_Settings/Startup_Code/__arm_start.o
 .comment       0x00000000       0x7a ./Project_Settings/Startup_Code/__arm_end.o
 .comment       0x00000000       0x7a ./Sources/mcg.o
 .comment       0x00000000       0x7a ./Sources/main.o
 .comment       0x00000000       0x7a ./Sources/hal_timers.o
 .comment       0x00000000       0x7a ./Sources/hal_UART.o
 .comment       0x00000000       0x7a ./Sources/hal_PB_SW_LED_RGB.o
 .comment       0x00000000       0x7a ./Sources/hal_LCD.o
 .comment       0x00000000       0x7a ./Sources/hal_ADC_DAC.o
 .comment       0x00000000       0x7a ./Sources/bsp_gpio.o
 .comment       0x00000000       0x7a ./Sources/bsp_connection_map.o
 .comment       0x00000000       0x7a ./Sources/arm_cm0.o
 .comment       0x00000000       0x7a ./Sources/app_FSM_handler.o
 .comment       0x00000000       0x7a ./Sources/api_lcd.o
 .comment       0x00000000       0x7a ./Sources/api_general_macros.o
 .comment       0x00000000       0x7a ./Sources/api.o
 .comment       0x00000000       0x7a ./Sources/BoardSupport.o
 .comment       0x00000000       0x7a C:/Freescale/CW MCU v10.6/MCU/ARM_GCC_Support/ewl/lib/armv6-m\libc.a(sprintf.o)
 .comment       0x00000000       0x7a C:/Freescale/CW MCU v10.6/MCU/ARM_GCC_Support/ewl/lib/armv6-m\libc.a(vsnprintf.o)
 .comment       0x00000000       0x7a C:/Freescale/CW MCU v10.6/MCU/ARM_GCC_Support/ewl/lib/armv6-m\libc.a(atoi.o)
 .comment       0x00000000       0x7a C:/Freescale/CW MCU v10.6/MCU/ARM_GCC_Support/ewl/lib/armv6-m\libc.a(exit.o)
 .comment       0x00000000       0x7a C:/Freescale/CW MCU v10.6/MCU/ARM_GCC_Support/ewl/lib/armv6-m\libc.a(memcpy.o)
 .comment       0x00000000       0x7a C:/Freescale/CW MCU v10.6/MCU/ARM_GCC_Support/ewl/lib/armv6-m\libc.a(memset.o)
 .comment       0x00000000       0x7a C:/Freescale/CW MCU v10.6/MCU/ARM_GCC_Support/ewl/lib/armv6-m\libc.a(printformat_.o)
 .comment       0x00000000       0x7a C:/Freescale/CW MCU v10.6/MCU/ARM_GCC_Support/ewl/lib/armv6-m\libc.a(scanformat_.o)
 .comment       0x00000000       0x7a C:/Freescale/CW MCU v10.6/MCU/ARM_GCC_Support/ewl/lib/armv6-m\libc.a(ctype_aeabi.o)
 .comment       0x00000000       0x7a C:/Freescale/CW MCU v10.6/MCU/ARM_GCC_Support/ewl/lib/armv6-m\libc.a(errno.o)
 .comment       0x00000000       0x7a C:/Freescale/CW MCU v10.6/MCU/ARM_GCC_Support/ewl/lib/armv6-m\libc.a(vsscanf.o)
 .comment       0x00000000       0x7a C:/Freescale/CW MCU v10.6/MCU/ARM_GCC_Support/ewl/lib/armv6-m\libc.a(__strtoul.o)
 .comment       0x00000000       0x7a C:/Freescale/CW MCU v10.6/MCU/ARM_GCC_Support/ewl/lib/armv6-m\libc.a(__filll_mem.o)
 .comment       0x00000000       0x7a C:/Freescale/CW MCU v10.6/MCU/ARM_GCC_Support/ewl/lib/armv6-m\libc.a(memchr.o)
 .comment       0x00000000       0x7a C:/Freescale/CW MCU v10.6/MCU/ARM_GCC_Support/ewl/lib/armv6-m\libc.a(strchr.o)
 .comment       0x00000000       0x7a C:/Freescale/CW MCU v10.6/MCU/ARM_GCC_Support/ewl/lib/armv6-m\libc.a(strlen.o)
 .comment       0x00000000       0x7a C:/Freescale/CW MCU v10.6/MCU/ARM_GCC_Support/ewl/lib/armv6-m\librt.a(gcc_ctor_dtor.o)
 .comment       0x00000000       0x7a C:/Freescale/CW MCU v10.6/MCU/ARM_GCC_Support/ewl/lib/armv6-m\librt.a(ROMCopy.o)
 .comment       0x00000000       0x7a C:/Freescale/CW MCU v10.6/MCU/ARM_GCC_Support/ewl/lib/armv6-m\librt.a(__arm_eabi_init.o)

.debug_frame    0x00000000     0x1790
 .debug_frame   0x00000000       0x48 ./Project_Settings/Startup_Code/kinetis_sysinit.o
 .debug_frame   0x00000048       0x4c ./Project_Settings/Startup_Code/__arm_start.o
 .debug_frame   0x00000094       0x30 ./Project_Settings/Startup_Code/__arm_end.o
 .debug_frame   0x000000c4      0x3ac ./Sources/mcg.o
 .debug_frame   0x00000470       0x2c ./Sources/main.o
 .debug_frame   0x0000049c       0xe4 ./Sources/hal_timers.o
 .debug_frame   0x00000580       0xe4 ./Sources/hal_UART.o
 .debug_frame   0x00000664      0x164 ./Sources/hal_PB_SW_LED_RGB.o
 .debug_frame   0x000007c8       0xcc ./Sources/hal_LCD.o
 .debug_frame   0x00000894      0x124 ./Sources/hal_ADC_DAC.o
 .debug_frame   0x000009b8      0x32c ./Sources/bsp_gpio.o
 .debug_frame   0x00000ce4       0xc8 ./Sources/arm_cm0.o
 .debug_frame   0x00000dac      0x154 ./Sources/app_FSM_handler.o
 .debug_frame   0x00000f00       0x90 ./Sources/api_lcd.o
 .debug_frame   0x00000f90       0x70 ./Sources/api_general_macros.o
 .debug_frame   0x00001000       0x2c ./Sources/api.o
 .debug_frame   0x0000102c       0x4c ./Sources/BoardSupport.o
 .debug_frame   0x00001078       0x2c C:/Freescale/CW MCU v10.6/MCU/ARM_GCC_Support/ewl/lib/armv6-m\libc.a(sprintf.o)
 .debug_frame   0x000010a4       0x4c C:/Freescale/CW MCU v10.6/MCU/ARM_GCC_Support/ewl/lib/armv6-m\libc.a(vsnprintf.o)
 .debug_frame   0x000010f0       0x5c C:/Freescale/CW MCU v10.6/MCU/ARM_GCC_Support/ewl/lib/armv6-m\libc.a(atoi.o)
 .debug_frame   0x0000114c       0x2c C:/Freescale/CW MCU v10.6/MCU/ARM_GCC_Support/ewl/lib/armv6-m\libc.a(exit.o)
 .debug_frame   0x00001178       0x28 C:/Freescale/CW MCU v10.6/MCU/ARM_GCC_Support/ewl/lib/armv6-m\libc.a(memcpy.o)
 .debug_frame   0x000011a0       0x28 C:/Freescale/CW MCU v10.6/MCU/ARM_GCC_Support/ewl/lib/armv6-m\libc.a(memset.o)
 .debug_frame   0x000011c8       0x54 C:/Freescale/CW MCU v10.6/MCU/ARM_GCC_Support/ewl/lib/armv6-m\libc.a(printformat_.o)
 .debug_frame   0x0000121c       0x34 C:/Freescale/CW MCU v10.6/MCU/ARM_GCC_Support/ewl/lib/armv6-m\libc.a(scanformat_.o)
 .debug_frame   0x00001250      0x158 C:/Freescale/CW MCU v10.6/MCU/ARM_GCC_Support/ewl/lib/armv6-m\libc.a(ctype_aeabi.o)
 .debug_frame   0x000013a8       0x48 C:/Freescale/CW MCU v10.6/MCU/ARM_GCC_Support/ewl/lib/armv6-m\libc.a(vsscanf.o)
 .debug_frame   0x000013f0       0x30 C:/Freescale/CW MCU v10.6/MCU/ARM_GCC_Support/ewl/lib/armv6-m\libc.a(__strtoul.o)
 .debug_frame   0x00001420       0x2c C:/Freescale/CW MCU v10.6/MCU/ARM_GCC_Support/ewl/lib/armv6-m\libc.a(__filll_mem.o)
 .debug_frame   0x0000144c       0x28 C:/Freescale/CW MCU v10.6/MCU/ARM_GCC_Support/ewl/lib/armv6-m\libc.a(memchr.o)
 .debug_frame   0x00001474       0x28 C:/Freescale/CW MCU v10.6/MCU/ARM_GCC_Support/ewl/lib/armv6-m\libc.a(strchr.o)
 .debug_frame   0x0000149c       0x28 C:/Freescale/CW MCU v10.6/MCU/ARM_GCC_Support/ewl/lib/armv6-m\libc.a(strlen.o)
 .debug_frame   0x000014c4       0x20 c:/freescale/cw mcu v10.6/cross_tools/arm-none-eabi-gcc-4_7_3/bin/../lib/gcc/arm-none-eabi/4.7.3/armv6-m\libgcc.a(_udivsi3.o)
 .debug_frame   0x000014e4       0x20 c:/freescale/cw mcu v10.6/cross_tools/arm-none-eabi-gcc-4_7_3/bin/../lib/gcc/arm-none-eabi/4.7.3/armv6-m\libgcc.a(_divsi3.o)
 .debug_frame   0x00001504       0x3c c:/freescale/cw mcu v10.6/cross_tools/arm-none-eabi-gcc-4_7_3/bin/../lib/gcc/arm-none-eabi/4.7.3/armv6-m\libgcc.a(mulsf3.o)
 .debug_frame   0x00001540       0x28 c:/freescale/cw mcu v10.6/cross_tools/arm-none-eabi-gcc-4_7_3/bin/../lib/gcc/arm-none-eabi/4.7.3/armv6-m\libgcc.a(fixsfsi.o)
 .debug_frame   0x00001568       0x3c c:/freescale/cw mcu v10.6/cross_tools/arm-none-eabi-gcc-4_7_3/bin/../lib/gcc/arm-none-eabi/4.7.3/armv6-m\libgcc.a(divdf3.o)
 .debug_frame   0x000015a4       0x3c c:/freescale/cw mcu v10.6/cross_tools/arm-none-eabi-gcc-4_7_3/bin/../lib/gcc/arm-none-eabi/4.7.3/armv6-m\libgcc.a(muldf3.o)
 .debug_frame   0x000015e0       0x30 c:/freescale/cw mcu v10.6/cross_tools/arm-none-eabi-gcc-4_7_3/bin/../lib/gcc/arm-none-eabi/4.7.3/armv6-m\libgcc.a(floatsidf.o)
 .debug_frame   0x00001610       0x30 c:/freescale/cw mcu v10.6/cross_tools/arm-none-eabi-gcc-4_7_3/bin/../lib/gcc/arm-none-eabi/4.7.3/armv6-m\libgcc.a(truncdfsf2.o)
 .debug_frame   0x00001640       0x40 C:/Freescale/CW MCU v10.6/MCU/ARM_GCC_Support/ewl/lib/armv6-m\librt.a(gcc_ctor_dtor.o)
 .debug_frame   0x00001680       0x54 C:/Freescale/CW MCU v10.6/MCU/ARM_GCC_Support/ewl/lib/armv6-m\librt.a(ROMCopy.o)
 .debug_frame   0x000016d4       0xbc C:/Freescale/CW MCU v10.6/MCU/ARM_GCC_Support/ewl/lib/armv6-m\librt.a(__arm_eabi_init.o)
